stm32f3xx_ll_tim.h:3971:22:LL_TIM_ClearFlag_UPDATE	16	static
stm32f3xx_ll_tim.h:3982:26:LL_TIM_IsActiveFlag_UPDATE	16	static
stm32f3xx_ll_gpio.h:895:22:LL_GPIO_SetOutputPin	16	static
stm32f3xx_ll_gpio.h:924:22:LL_GPIO_ResetOutputPin	16	static
display.c:18:6:resetSegments	8	static
display.c:31:6:setSegments	8	static
display.c:44:6:resetDigits	8	static
display.c:54:6:setDigits	8	static
display.c:80:6:decode_7seg	16	static
display.c:105:6:displaySign	24	static
display.c:117:6:setDigit	16	static
display.c:140:6:updateDisplay	24	static
display.c:157:6:TIM3_IRQHandler	8	static
